python : Traceback (most recent call 
last):
At line:1 char:1
+ python -m tests.test_graph_gemini > 
test_output.txt 2>&1
+ ~~~~~~~~~~~~~~~~~~~~~~~~~~~~~~~~~~~~~~~~
~~~~~~~~~~~~~~~~
    + CategoryInfo          : NotSpecifie 
   d: (Traceback (most recent call last)  
  ::String) [], RemoteException
    + FullyQualifiedErrorId : NativeComma 
   ndError
 
  File "<frozen runpy>", line 198, in 
_run_module_as_main
  File "<frozen runpy>", line 88, in 
_run_code
  File "D:\LangGraph_Research_Assistant_v2
\tests\test_graph_gemini.py", line 45, in 
<module>
    test_gemini_extraction()
  File "D:\LangGraph_Research_Assistant_v2
\tests\test_graph_gemini.py", line 36, in 
test_gemini_extraction
    assert len(neighbors) > 0
AssertionError
[INFO] Using Gemini API for graph extraction.
Testing Gemini extraction pipeline...
[INFO] Processing document: Google DeepMind developed Gemini, a multimodal AI ...
[ERROR] Failed to process document: Invalid argument provided to Gemini: 400 API key expired. Please renew the API key. [reason: "API_KEY_INVALID"
domain: "googleapis.com"
metadata {
  key: "service"
  value: "generativelanguage.googleapis.com"
}
, locale: "en-US"
message: "API key expired. Please renew the API key."
]
Neighbors of Gemini: []
